[quan-ha.iwedding.info/index.html]
[backblue.gif]
[fade.gif]
[index.html]
[quan-ha.iwedding.info/templates/template15/css/libs7327.css]
[quan-ha.iwedding.info/common/calendar7327.css]
[quan-ha.iwedding.info/templates/template15/css/style7327.css]
[quan-ha.iwedding.info/common/fonts/fonts7327.css]
[cdn.biihappy.com/ziiweb/website/6770bfdc450ba74ef20c4d66/eceab22f48806bd1a0c966623095f0d1.jpg]
[cdn.biihappy.com/ziiweb/website/6770bfdc450ba74ef20c4d66/31ba90b30ce865fdd129c593c2135ceb.jpg]
[quan-ha.iwedding.info/rsvp.html]
[cdn.biihappy.com/ziiweb/images/static/common/rsvp4.png]
[cdn.biihappy.com/ziiweb/website/6770bfdc450ba74ef20c4d66/templates/6174ef83a62963738e0a367c/bcdb4c8156d71a251cc51a0184720d02.jpg]
[cdn.biihappy.com/ziiweb/website/6770bfdc450ba74ef20c4d66/45b4bdbbcfccbbb8c577de004c9c05ab.jpg]
[cdn.biihappy.com/ziiweb/website/6770bfdc450ba74ef20c4d66/2b5ee523933a4698fbab64cfb0233d3b.jpg]
[cdn.biihappy.com/ziiweb/website/6770bfdc450ba74ef20c4d66/e6bd977c412ba7291575ab10cd3cbda5.jpg]
[cdn.biihappy.com/ziiweb/website/6770bfdc450ba74ef20c4d66/7d8566e10b209683b0010bbe92755c9f.jpg]
[cdn.biihappy.com/ziiweb/website/6770bfdc450ba74ef20c4d66/templates/6174ef83a62963738e0a367c/9022271cf2574c80bdd92b222acd09ab.jpg]
[cdn.biihappy.com/ziiweb/website/6770bfdc450ba74ef20c4d66/c06ae6b16786df24091f7193cf1976d0.jpg]
[cdn.biihappy.com/ziiweb/website/6770bfdc450ba74ef20c4d66/f3dc9985e49727e430ede3645e0e08de.jpg]
[cdn.biihappy.com/ziiweb/website/6770bfdc450ba74ef20c4d66/galleries/67715e40836b85faf0029ae7/small.jpg]
[cdn.biihappy.com/ziiweb/website/6770bfdc450ba74ef20c4d66/galleries/67715a7a04b28f36320c4804/small.jpg]
[cdn.biihappy.com/ziiweb/website/6770bfdc450ba74ef20c4d66/galleries/67715a8cbe6c55b2b007a85c/small.jpg]
[cdn.biihappy.com/ziiweb/website/6770bfdc450ba74ef20c4d66/galleries/67715a9a836b85faf0029ae5/small.jpg]
[cdn.biihappy.com/ziiweb/website/6770bfdc450ba74ef20c4d66/galleries/67715aa21da7d0c9750835e3/small.jpg]
[cdn.biihappy.com/ziiweb/website/6770bfdc450ba74ef20c4d66/galleries/67715e4a3538ad5dc40a65e6/small.jpg]
[cdn.biihappy.com/ziiweb/website/6770bfdc450ba74ef20c4d66/galleries/67715a84825d5da04303d1e0/small.jpg]
[cdn.biihappy.com/ziiweb/website/6770bfdc450ba74ef20c4d66/galleries/67715aa957faae4a3b0962a2/small.jpg]
[cdn.biihappy.com/ziiweb/website/6770bfdc450ba74ef20c4d66/galleries/67715ab004b28f36320c4805/small.jpg]
[cdn.biihappy.com/ziiweb/website/6770bfdc450ba74ef20c4d66/galleries/67715ab75bbc19f63100791b/small.jpg]
[quan-ha.iwedding.info/templates/template15/js/script7327.js]
[quan-ha.iwedding.info/common/calendar7327.js]
[quan-ha.iwedding.info/common/biicommon.min7327.js]
[quan-ha.iwedding.info/templates/template15/js/jquery-plugin-collection7327.js]
[quan-ha.iwedding.info/common/emoji-picker/js/insertTextAtCursor7327.js]
[quan-ha.iwedding.info/index.html]
[quan-ha.iwedding.info/common/emoji-picker/js/init7327.js]
[quan-ha.iwedding.info/templates/template15/fonts/themify9f249f24.woff]
[quan-ha.iwedding.info/templates/template15/fonts/themifyd41dd41d.eot]
[quan-ha.iwedding.info/templates/template15/fonts/themify9f249f24.eot]
[quan-ha.iwedding.info/templates/template15/fonts/themify9f249f24.ttf]
[quan-ha.iwedding.info/templates/template15/fonts/Flaticon.eot]
[quan-ha.iwedding.info/templates/template15/fonts/Flaticond41dd41d.eot]
[quan-ha.iwedding.info/templates/template15/fonts/Flaticon.woff2]
[quan-ha.iwedding.info/templates/template15/fonts/Flaticon.woff]
[quan-ha.iwedding.info/templates/template15/fonts/Flaticon.ttf]
[quan-ha.iwedding.info/templates/template15/fonts/themify9f249f24.svg]
[quan-ha.iwedding.info/templates/template15/fonts/Flaticon.svg]
[quan-ha.iwedding.info/templates/template15/fonts/glyphicons-halflings-regular.eot]
[quan-ha.iwedding.info/templates/template15/fonts/glyphicons-halflings-regulard41dd41d.eot]
[quan-ha.iwedding.info/templates/template15/fonts/glyphicons-halflings-regular.woff2]
[quan-ha.iwedding.info/templates/template15/fonts/glyphicons-halflings-regular.woff]
[quan-ha.iwedding.info/templates/template15/fonts/glyphicons-halflings-regular.ttf]
[quan-ha.iwedding.info/templates/template15/css/owl.video.play.html]
[quan-ha.iwedding.info/templates/template15/fonts/glyphicons-halflings-regular.svg]
[quan-ha.iwedding.info/templates/template15/images/ajax-loader.gif]
[quan-ha.iwedding.info/templates/template15/fonts/slick.eot]
[quan-ha.iwedding.info/templates/template15/fonts/slickd41dd41d.eot]
[quan-ha.iwedding.info/templates/template15/fonts/slick.woff]
[quan-ha.iwedding.info/templates/template15/fonts/slick.ttf]
[quan-ha.iwedding.info/templates/template15/fonts/slick.svg]
[quan-ha.iwedding.info/templates/template15/images/fancybox/fancybox_sprite.png]
[quan-ha.iwedding.info/templates/template15/images/fancybox/fancybox_loading.gif]
[quan-ha.iwedding.info/templates/template15/images/fancybox/blank.gif]
[quan-ha.iwedding.info/templates/template15/images/fancybox/fancybox_overlay.png]
[quan-ha.iwedding.info/templates/template15/images/fancybox/fancybox_sprite@2x.png]
[quan-ha.iwedding.info/templates/template15/images/fancybox/fancybox_loading@2x.gif]
[quan-ha.iwedding.info/templates/template15/fonts/lgd641.eot]
[quan-ha.iwedding.info/templates/template15/css/fonts/lgd41d.eot]
[quan-ha.iwedding.info/templates/template15/fonts/lgd641.woff]
[quan-ha.iwedding.info/templates/template15/fonts/lgd641.ttf]
[quan-ha.iwedding.info/templates/template15/fonts/lgd641.svg]
[quan-ha.iwedding.info/templates/template15/img/vimeo-play.png]
[quan-ha.iwedding.info/templates/template15/img/video-play.png]
[quan-ha.iwedding.info/templates/template15/img/youtube-play.png]
[quan-ha.iwedding.info/templates/template15/images/loading.gif]
[quan-ha.iwedding.info/templates/template15/css/libs7327.css]
[quan-ha.iwedding.info/common/calendar7327.css]
[quan-ha.iwedding.info/templates/template15/images/sec-title-flower.png]
[quan-ha.iwedding.info/templates/template15/images/select-icon.png]
[quan-ha.iwedding.info/templates/template15/images/slider/slide-1.jpg]
[quan-ha.iwedding.info/templates/template15/images/slider/hero-women.png]
[quan-ha.iwedding.info/templates/template15/images/slider/shape.png]
[quan-ha.iwedding.info/templates/template15/images/slider/slide-2.jpg]
[quan-ha.iwedding.info/templates/template15/images/flower-pattern-3.png]
[quan-ha.iwedding.info/templates/template15/images/flower-pattern-4.png]
[quan-ha.iwedding.info/templates/template15/images/footer-shape.png]
[quan-ha.iwedding.info/templates/template15/images/footer-couple-pic-frame.png]
[quan-ha.iwedding.info/templates/template15/images/invitation-left-img.png]
[quan-ha.iwedding.info/templates/template15/images/invitation-right-image.png]
[quan-ha.iwedding.info/templates/template15/images/rsvp-flower.png]
[quan-ha.iwedding.info/templates/template15/images/event-bg.jpg]
[quan-ha.iwedding.info/templates/template15/images/find-book-flower.png]
[quan-ha.iwedding.info/templates/template15/images/pricing-header-bg.png]
[quan-ha.iwedding.info/templates/template15/images/bg.png]
[cdn.biihappy.com/ziiweb/images/static/common/searchicon.png]
[quan-ha.iwedding.info/templates/template15/css/style7327.css]
[quan-ha.iwedding.info/common/fonts/dancingscript-regular.woff2]
[quan-ha.iwedding.info/common/fonts/dancingscript-bold.woff2]
[quan-ha.iwedding.info/common/fonts/comfortaa-bold.woff2]
[quan-ha.iwedding.info/common/fonts/dancingscript-bold.woff]
[quan-ha.iwedding.info/common/fonts/dancingscript-regular.woff]
[quan-ha.iwedding.info/common/fonts/comfortaa-light.woff2]
[quan-ha.iwedding.info/common/fonts/comfortaa-bold.woff]
[quan-ha.iwedding.info/common/fonts/comfortaa-regular.woff2]
[quan-ha.iwedding.info/common/fonts/comfortaa-light.woff]
[quan-ha.iwedding.info/common/fonts/comfortaa-regular.woff]
[quan-ha.iwedding.info/common/fonts/patrickhand-regular.woff2]
[quan-ha.iwedding.info/common/fonts/prata-regular.woff2]
[quan-ha.iwedding.info/common/fonts/patrickhand-regular.woff]
[quan-ha.iwedding.info/common/fonts/prata-regular.woff]
[quan-ha.iwedding.info/common/fonts/pacifico-regular.woff2]
[quan-ha.iwedding.info/common/fonts/UVN_Buc_Thu.ttf]
[quan-ha.iwedding.info/common/fonts/SVN-Miller-Banner.ttf]
[quan-ha.iwedding.info/common/fonts/fonts7327.css]
[quan-ha.iwedding.info/common/fonts/pacifico-regular.woff]
[cdn.biihappy.com/ziiweb/website/6770bfdc450ba74ef20c4d66/galleries/67715e40836b85faf0029ae7/large.jpg]
[cdn.jsdelivr.net/npm/bootstrap@5.2.0/dist/css/bootstrap.min.css]
[quan-ha.iwedding.info/album/heart.gif]
[quan-ha.iwedding.info/rsvp.html]
[quan-ha.iwedding.info/templates/template15/fonts/themify9f249f24.svg]
[quan-ha.iwedding.info/templates/template15/fonts/Flaticon.svg]
[quan-ha.iwedding.info/templates/template15/fonts/glyphicons-halflings-regular.svg]
[quan-ha.iwedding.info/templates/template15/css/owl.video.play.html]
[quan-ha.iwedding.info/templates/template15/fonts/slick.svg]
[quan-ha.iwedding.info/templates/template15/css/fonts/lgd41d.html]
[quan-ha.iwedding.info/templates/template15/fonts/lgd641.svg]
[quan-ha.iwedding.info/templates/template15/img/vimeo-play.html]
[quan-ha.iwedding.info/templates/template15/img/video-play.html]
[quan-ha.iwedding.info/templates/template15/img/youtube-play.html]
[quan-ha.iwedding.info/rsvp-template/script7625.js]
[cdn.jsdelivr.net/npm/bootstrap@5.2.0/dist/css/bootstrap.min.css]
